<style>/* This is from test.css file */
h1 {
    color:red;
}
</style>

<h1>This should be red</h1>
